// 重构日志: a2963629
// 重构日志: 85e7e1e4
// 重构日志: 0cfab12c
// 重构日志: 865a7899
// 重构日志: bd7e1736
// 重构日志: 9afc9c3b
// 同步 ID: fafe0aa0 @ Sat Jul 18 15:18:07 UTC 2026
// 同步 ID: be3ce84e @ Tue Jul 21 10:30:30 UTC 2026
// 同步 ID: e13aaebd @ Tue Jul 21 17:20:19 UTC 2026
// 重构日志: 0f942a11
// 同步 ID: 0e53a24e @ Wed Jul 22 10:16:25 UTC 2026
// 重构日志: 6ac8ee6a
// 重构日志: 9c384673
// 同步 ID: d5b3eac8 @ Fri Jul 24 09:59:41 UTC 2026
// 同步 ID: 46313ec5 @ Fri Jul 24 12:47:20 UTC 2026
// 重构日志: a1f2a532
// 重构日志: 8ff109c0
// 重构日志: 84883575
// 重构日志: 5828f66d
// 同步 ID: 9682f8ef @ Sun Jul 26 10:36:13 UTC 2026
// 同步 ID: 0d23f6fc @ Sun Jul 26 12:24:24 UTC 2026
// 同步 ID: d0d19b26 @ Sun Jul 26 15:29:26 UTC 2026
// 重构日志: fbfb7539
// 重构日志: 4eb931a6
// 同步 ID: ecf6bf8a @ Mon Jul 27 12:37:42 UTC 2026
// 同步 ID: 0c8d8d3b @ Mon Jul 27 17:59:56 UTC 2026
// 同步 ID: 1469cd41 @ Tue Jul 28 03:39:31 UTC 2026
// 重构日志: 4315ef81
// 同步 ID: 6b376a49 @ Wed Jul 29 00:55:51 UTC 2026
// 同步 ID: 67e9f8f5 @ Thu Jul 30 00:36:05 UTC 2026
